---- Minecraft Crash Report ----
// Embeddium instance tainted by mods: [oculus]
// Please do not reach out for Embeddium support without removing these mods first.
// -------
// Daisy, daisy...

Time: 2025-05-01 19:08:17
Description: Initializing game

java.lang.NoSuchFieldError: TESSELATION_SHADERS
	at net.irisshaders.iris.shaderpack.programs.ProgramSet.handler$zfa000$initGBufferFlw(ProgramSet.java:665) ~[oculus-mc1.20.1-1.8.0.jar%23291!/:?] {re:mixin,re:classloading,pl:mixin:APP:irisflw.mixins.iris.json:ProgramSetMixin,pl:mixin:A}
	at net.irisshaders.iris.shaderpack.programs.ProgramSet.<init>(ProgramSet.java:160) ~[oculus-mc1.20.1-1.8.0.jar%23291!/:?] {re:mixin,re:classloading,pl:mixin:APP:irisflw.mixins.iris.json:ProgramSetMixin,pl:mixin:A}
	at net.irisshaders.iris.shaderpack.ShaderPack.<init>(ShaderPack.java:296) ~[oculus-mc1.20.1-1.8.0.jar%23291!/:?] {re:mixin,re:classloading}
	at net.irisshaders.iris.Iris.loadExternalShaderpack(Iris.java:346) ~[oculus-mc1.20.1-1.8.0.jar%23291!/:?] {re:mixin,re:classloading}
	at net.irisshaders.iris.Iris.loadShaderpack(Iris.java:264) ~[oculus-mc1.20.1-1.8.0.jar%23291!/:?] {re:mixin,re:classloading}
	at net.irisshaders.iris.Iris.onRenderSystemInit(Iris.java:159) ~[oculus-mc1.20.1-1.8.0.jar%23291!/:?] {re:mixin,re:classloading}
	at com.mojang.blaze3d.systems.RenderSystem.handler$zpl000$iris$onRendererInit(RenderSystem.java:2474) ~[client-1.20.1-20230612.114412-srg.jar%23312!/:?] {re:mixin,pl:accesstransformer:B,re:classloading,pl:accesstransformer:B,pl:mixin:APP:ponder.mixins.json:client.accessor.RenderSystemAccessor,pl:mixin:APP:mixins.oculus.json:MixinGlStateManager,pl:mixin:APP:mixins.oculus.json:MixinRenderSystem,pl:mixin:APP:mixins.oculus.json:statelisteners.MixinRenderSystem,pl:mixin:APP:flywheel.backend.mixins.json:RenderSystemMixin,pl:mixin:APP:embeddium.mixins.json:workarounds.event_loop.RenderSystemMixin,pl:mixin:A}
	at com.mojang.blaze3d.systems.RenderSystem.initRenderer(RenderSystem.java:854) ~[client-1.20.1-20230612.114412-srg.jar%23312!/:?] {re:mixin,pl:accesstransformer:B,re:classloading,pl:accesstransformer:B,pl:mixin:APP:ponder.mixins.json:client.accessor.RenderSystemAccessor,pl:mixin:APP:mixins.oculus.json:MixinGlStateManager,pl:mixin:APP:mixins.oculus.json:MixinRenderSystem,pl:mixin:APP:mixins.oculus.json:statelisteners.MixinRenderSystem,pl:mixin:APP:flywheel.backend.mixins.json:RenderSystemMixin,pl:mixin:APP:embeddium.mixins.json:workarounds.event_loop.RenderSystemMixin,pl:mixin:A}
	at net.minecraft.client.Minecraft.<init>(Minecraft.java:454) ~[client-1.20.1-20230612.114412-srg.jar%23312!/:?] {re:mixin,pl:accesstransformer:B,xf:fml:xaeroworldmap:xaero_wm_minecraft_runtick,xf:fml:xaeroworldmap:xaero_wm_minecraft_runtick_render_call,xf:fml:xaerominimap:xaero_minecraftclient,pl:runtimedistcleaner:A,re:classloading,pl:accesstransformer:B,xf:fml:xaeroworldmap:xaero_wm_minecraft_runtick,xf:fml:xaeroworldmap:xaero_wm_minecraft_runtick_render_call,xf:fml:xaerominimap:xaero_minecraftclient,pl:mixin:A,pl:runtimedistcleaner:A}
	at net.minecraft.client.main.Main.main(Main.java:182) ~[minecraft-1.20.1-client.jar:?] {re:classloading,pl:runtimedistcleaner:A}
	at jdk.internal.reflect.NativeMethodAccessorImpl.invoke0(Native Method) ~[?:?] {}
	at jdk.internal.reflect.NativeMethodAccessorImpl.invoke(NativeMethodAccessorImpl.java:77) ~[?:?] {}
	at jdk.internal.reflect.DelegatingMethodAccessorImpl.invoke(DelegatingMethodAccessorImpl.java:43) ~[?:?] {}
	at java.lang.reflect.Method.invoke(Method.java:568) ~[?:?] {}
	at net.minecraftforge.fml.loading.targets.CommonLaunchHandler.runTarget(CommonLaunchHandler.java:126) ~[loader-47.2.2.jar:47.2] {}
	at net.minecraftforge.fml.loading.targets.CommonLaunchHandler.clientService(CommonLaunchHandler.java:114) ~[loader-47.2.2.jar:47.2] {}
	at net.minecraftforge.fml.loading.targets.CommonClientLaunchHandler.runService(CommonClientLaunchHandler.java:24) ~[loader-47.2.2.jar:47.2] {}
	at net.minecraftforge.fml.loading.targets.CommonLaunchHandler.lambda$launchService$4(CommonLaunchHandler.java:108) ~[loader-47.2.2.jar:47.2] {}
	at cpw.mods.modlauncher.LaunchServiceHandlerDecorator.launch(LaunchServiceHandlerDecorator.java:30) ~[modlauncher-10.0.9.jar:?] {}
	at cpw.mods.modlauncher.LaunchServiceHandler.launch(LaunchServiceHandler.java:53) ~[modlauncher-10.0.9.jar:?] {}
	at cpw.mods.modlauncher.LaunchServiceHandler.launch(LaunchServiceHandler.java:71) ~[modlauncher-10.0.9.jar:?] {}
	at cpw.mods.modlauncher.Launcher.run(Launcher.java:108) ~[modlauncher-10.0.9.jar:?] {}
	at cpw.mods.modlauncher.Launcher.main(Launcher.java:78) ~[modlauncher-10.0.9.jar:?] {}
	at cpw.mods.modlauncher.BootstrapLaunchConsumer.accept(BootstrapLaunchConsumer.java:26) ~[modlauncher-10.0.9.jar:?] {}
	at cpw.mods.modlauncher.BootstrapLaunchConsumer.accept(BootstrapLaunchConsumer.java:23) ~[modlauncher-10.0.9.jar:?] {}
	at cpw.mods.bootstraplauncher.BootstrapLauncher.main(BootstrapLauncher.java:141) ~[bootstraplauncher-1.1.2.jar:?] {}
	at jdk.internal.reflect.NativeMethodAccessorImpl.invoke0(Native Method) ~[?:?] {}
	at jdk.internal.reflect.NativeMethodAccessorImpl.invoke(NativeMethodAccessorImpl.java:77) ~[?:?] {}
	at jdk.internal.reflect.DelegatingMethodAccessorImpl.invoke(DelegatingMethodAccessorImpl.java:43) ~[?:?] {}
	at java.lang.reflect.Method.invoke(Method.java:568) ~[?:?] {}
	at io.github.zekerzhayard.forgewrapper.installer.Main.main(Main.java:67) ~[?:?] {}
	at org.prismlauncher.launcher.impl.StandardLauncher.launch(StandardLauncher.java:105) ~[?:?] {}
	at org.prismlauncher.EntryPoint.listen(EntryPoint.java:129) ~[?:?] {}
	at org.prismlauncher.EntryPoint.main(EntryPoint.java:70) ~[?:?] {}


A detailed walkthrough of the error, its code path and all known details is as follows:
---------------------------------------------------------------------------------------

-- Head --
Thread: Render thread
Stacktrace:
	at net.irisshaders.iris.shaderpack.programs.ProgramSet.handler$zfa000$initGBufferFlw(ProgramSet.java:665) ~[oculus-mc1.20.1-1.8.0.jar%23291!/:?] {re:mixin,re:classloading,pl:mixin:APP:irisflw.mixins.iris.json:ProgramSetMixin,pl:mixin:A}
	at net.irisshaders.iris.shaderpack.programs.ProgramSet.<init>(ProgramSet.java:160) ~[oculus-mc1.20.1-1.8.0.jar%23291!/:?] {re:mixin,re:classloading,pl:mixin:APP:irisflw.mixins.iris.json:ProgramSetMixin,pl:mixin:A}
	at net.irisshaders.iris.shaderpack.ShaderPack.<init>(ShaderPack.java:296) ~[oculus-mc1.20.1-1.8.0.jar%23291!/:?] {re:mixin,re:classloading}
	at net.irisshaders.iris.Iris.loadExternalShaderpack(Iris.java:346) ~[oculus-mc1.20.1-1.8.0.jar%23291!/:?] {re:mixin,re:classloading}
	at net.irisshaders.iris.Iris.loadShaderpack(Iris.java:264) ~[oculus-mc1.20.1-1.8.0.jar%23291!/:?] {re:mixin,re:classloading}
	at net.irisshaders.iris.Iris.onRenderSystemInit(Iris.java:159) ~[oculus-mc1.20.1-1.8.0.jar%23291!/:?] {re:mixin,re:classloading}
	at com.mojang.blaze3d.systems.RenderSystem.handler$zpl000$iris$onRendererInit(RenderSystem.java:2474) ~[client-1.20.1-20230612.114412-srg.jar%23312!/:?] {re:mixin,pl:accesstransformer:B,re:classloading,pl:accesstransformer:B,pl:mixin:APP:ponder.mixins.json:client.accessor.RenderSystemAccessor,pl:mixin:APP:mixins.oculus.json:MixinGlStateManager,pl:mixin:APP:mixins.oculus.json:MixinRenderSystem,pl:mixin:APP:mixins.oculus.json:statelisteners.MixinRenderSystem,pl:mixin:APP:flywheel.backend.mixins.json:RenderSystemMixin,pl:mixin:APP:embeddium.mixins.json:workarounds.event_loop.RenderSystemMixin,pl:mixin:A}
	at com.mojang.blaze3d.systems.RenderSystem.initRenderer(RenderSystem.java:854) ~[client-1.20.1-20230612.114412-srg.jar%23312!/:?] {re:mixin,pl:accesstransformer:B,re:classloading,pl:accesstransformer:B,pl:mixin:APP:ponder.mixins.json:client.accessor.RenderSystemAccessor,pl:mixin:APP:mixins.oculus.json:MixinGlStateManager,pl:mixin:APP:mixins.oculus.json:MixinRenderSystem,pl:mixin:APP:mixins.oculus.json:statelisteners.MixinRenderSystem,pl:mixin:APP:flywheel.backend.mixins.json:RenderSystemMixin,pl:mixin:APP:embeddium.mixins.json:workarounds.event_loop.RenderSystemMixin,pl:mixin:A}
	at net.minecraft.client.Minecraft.<init>(Minecraft.java:454) ~[client-1.20.1-20230612.114412-srg.jar%23312!/:?] {re:mixin,pl:accesstransformer:B,xf:fml:xaeroworldmap:xaero_wm_minecraft_runtick,xf:fml:xaeroworldmap:xaero_wm_minecraft_runtick_render_call,xf:fml:xaerominimap:xaero_minecraftclient,pl:runtimedistcleaner:A,re:classloading,pl:accesstransformer:B,xf:fml:xaeroworldmap:xaero_wm_minecraft_runtick,xf:fml:xaeroworldmap:xaero_wm_minecraft_runtick_render_call,xf:fml:xaerominimap:xaero_minecraftclient,pl:mixin:A,pl:runtimedistcleaner:A}
-- Initialization --
Details:
	Modules: 
		ADVAPI32.dll:Advanced Windows 32 Base API:10.0.19041.5678 (WinBuild.160101.0800):Microsoft Corporation
		COMCTL32.dll:User Experience Controls Library:6.10 (WinBuild.160101.0800):Microsoft Corporation
		CRYPT32.dll:Crypto API32:10.0.19041.1 (WinBuild.160101.0800):Microsoft Corporation
		CRYPTSP.dll:Cryptographic Service Provider API:10.0.19041.3636 (WinBuild.160101.0800):Microsoft Corporation
		ColorAdapterClient.dll:Microsoft Color Adapter Client:10.0.19041.5129 (WinBuild.160101.0800):Microsoft Corporation
		CoreMessaging.dll:Microsoft CoreMessaging Dll:10.0.19041.5486:Microsoft Corporation
		CoreUIComponents.dll:Microsoft Core UI Components Dll:10.0.19041.3636:Microsoft Corporation
		DBGHELP.DLL:Windows Image Helper:10.0.19041.3636 (WinBuild.160101.0800):Microsoft Corporation
		DEVOBJ.dll:Device Information Set DLL:10.0.19041.4355 (WinBuild.160101.0800):Microsoft Corporation
		DNSAPI.dll:DNS Client API DLL:10.0.19041.1 (WinBuild.160101.0800):Microsoft Corporation
		GDI32.dll:GDI Client DLL:10.0.19041.5737 (WinBuild.160101.0800):Microsoft Corporation
		GLU32.dll:OpenGL Utility Library DLL:10.0.19041.1 (WinBuild.160101.0800):Microsoft Corporation
		IMM32.DLL:Multi-User Windows IMM32 API Client DLL:10.0.19041.5737 (WinBuild.160101.0800):Microsoft Corporation
		IPHLPAPI.DLL:IP Helper API:10.0.19041.1 (WinBuild.160101.0800):Microsoft Corporation
		KERNEL32.DLL:Windows NT BASE API Client DLL:10.0.19041.5072 (WinBuild.160101.0800):Microsoft Corporation
		KERNELBASE.dll:Windows NT BASE API Client DLL:10.0.19041.5553 (WinBuild.160101.0800):Microsoft Corporation
		MSCTF.dll:MSCTF Server DLL:10.0.19041.1 (WinBuild.160101.0800):Microsoft Corporation
		MpOav.dll:IOfficeAntiVirus Module:4.18.25030.2 (000028f0c1f345a538ea89b768605447f1c02bdf):Microsoft Corporation
		NLAapi.dll:Network Location Awareness 2:10.0.19041.4123 (WinBuild.160101.0800):Microsoft Corporation
		NSI.dll:NSI User-mode interface DLL:10.0.19041.3636 (WinBuild.160101.0800):Microsoft Corporation
		NTASN1.dll:Microsoft ASN.1 API:10.0.19041.1 (WinBuild.160101.0800):Microsoft Corporation
		OLEAUT32.dll:OLEAUT32.DLL:10.0.19041.3636 (WinBuild.160101.0800):Microsoft Corporation
		POWRPROF.dll:Power Profile Helper DLL:10.0.19041.1 (WinBuild.160101.0800):Microsoft Corporation
		PROPSYS.dll:Microsoft Property System:7.0.19041.3636 (WinBuild.160101.0800):Microsoft Corporation
		PSAPI.DLL:Process Status Helper:10.0.19041.3636 (WinBuild.160101.0800):Microsoft Corporation
		RPCRT4.dll:Remote Procedure Call Runtime:10.0.19041.3636 (WinBuild.160101.0800):Microsoft Corporation
		SETUPAPI.dll:Windows Setup API:10.0.19041.1 (WinBuild.160101.0800):Microsoft Corporation
		SHCORE.dll:SHCORE:10.0.19041.1 (WinBuild.160101.0800):Microsoft Corporation
		SHELL32.dll:Windows Shell Common Dll:10.0.19041.5678 (WinBuild.160101.0800):Microsoft Corporation
		UMPDC.dll
		USER32.dll:Multi-User Windows USER API Client DLL:10.0.19041.1 (WinBuild.160101.0800):Microsoft Corporation
		USERENV.dll:Userenv:10.0.19041.1 (WinBuild.160101.0800):Microsoft Corporation
		VCRUNTIME140.dll:Microsoft® C Runtime Library:14.29.30139.0 built by: vcwrkspc:Microsoft Corporation
		VERSION.dll:Version Checking and File Installation Libraries:10.0.19041.3636 (WinBuild.160101.0800):Microsoft Corporation
		WINHTTP.dll:Windows HTTP Services:10.0.19041.3636 (WinBuild.160101.0800):Microsoft Corporation
		WINMM.dll:MCI API DLL:10.0.19041.1 (WinBuild.160101.0800):Microsoft Corporation
		WINSTA.dll:Winstation Library:10.0.19041.3636 (WinBuild.160101.0800):Microsoft Corporation
		WINTRUST.dll:Microsoft Trust Verification APIs:10.0.19041.5737 (WinBuild.160101.0800):Microsoft Corporation
		WS2_32.dll:Windows Socket 2.0 32-Bit DLL:10.0.19041.3636 (WinBuild.160101.0800):Microsoft Corporation
		WSOCK32.dll:Windows Socket 32-Bit DLL:10.0.19041.1 (WinBuild.160101.0800):Microsoft Corporation
		WTSAPI32.dll:Windows Remote Desktop Session Host Server SDK APIs:10.0.19041.3636 (WinBuild.160101.0800):Microsoft Corporation
		Wldp.dll:Windows Lockdown Policy:10.0.19041.1 (WinBuild.160101.0800):Microsoft Corporation
		amsi.dll:Anti-Malware Scan Interface:10.0.19041.4355 (WinBuild.160101.0800):Microsoft Corporation
		bcrypt.dll:Windows Cryptographic Primitives Library:10.0.19041.1 (WinBuild.160101.0800):Microsoft Corporation
		bcryptPrimitives.dll:Windows Cryptographic Primitives Library:10.0.19041.5007 (WinBuild.160101.0800):Microsoft Corporation
		cfgmgr32.dll:Configuration Manager DLL:10.0.19041.3996 (WinBuild.160101.0800):Microsoft Corporation
		clbcatq.dll:COM+ Configuration Catalog:2001.12.10941.16384 (WinBuild.160101.0800):Microsoft Corporation
		combase.dll:Microsoft COM for Windows:10.0.19041.3636 (WinBuild.160101.0800):Microsoft Corporation
		cryptbase.dll:Base cryptographic API DLL:10.0.19041.3636 (WinBuild.160101.0800):Microsoft Corporation
		cryptnet.dll:Crypto Network Related API:10.0.19041.3636 (WinBuild.160101.0800):Microsoft Corporation
		dbgcore.DLL:Windows Core Debugging Helpers:10.0.19041.4355 (WinBuild.160101.0800):Microsoft Corporation
		dhcpcsvc.DLL:DHCP Client Service:10.0.19041.1 (WinBuild.160101.0800):Microsoft Corporation
		dhcpcsvc6.DLL:DHCPv6 Client:10.0.19041.1 (WinBuild.160101.0800):Microsoft Corporation
		dinput8.dll:Microsoft DirectInput:10.0.19041.1 (WinBuild.160101.0800):Microsoft Corporation
		drvstore.dll:Driver Store API:10.0.19041.5369 (WinBuild.160101.0800):Microsoft Corporation
		dwmapi.dll:Microsoft Desktop Window Manager API:10.0.19041.1 (WinBuild.160101.0800):Microsoft Corporation
		dxcore.dll:DXCore:10.0.19041.4474 (WinBuild.160101.0800):Microsoft Corporation
		fwpuclnt.dll:FWP/IPsec User-Mode API:10.0.19041.3636 (WinBuild.160101.0800):Microsoft Corporation
		gdi32full.dll:GDI Client DLL:10.0.19041.5737 (WinBuild.160101.0800):Microsoft Corporation
		glfw.dll:GLFW 3.4.0 DLL:3.4.0:GLFW
		icm32.dll:Microsoft Color Management Module (CMM):10.0.19041.5129 (WinBuild.160101.0800):Microsoft Corporation
		imagehlp.dll:Windows NT Image Helper:10.0.19041.3636 (WinBuild.160101.0800):Microsoft Corporation
		inputhost.dll:InputHost:10.0.19041.4355 (WinBuild.160101.0800):Microsoft Corporation
		java.dll:OpenJDK Platform binary:17.0.8.0:Microsoft
		javaw.exe:OpenJDK Platform binary:17.0.8.0:Microsoft
		jemalloc.dll
		jimage.dll:OpenJDK Platform binary:17.0.8.0:Microsoft
		jli.dll:OpenJDK Platform binary:17.0.8.0:Microsoft
		jna2776479892387194851.dll:JNA native library:6.1.4:Java(TM) Native Access (JNA)
		jsvml.dll:OpenJDK Platform binary:17.0.8.0:Microsoft
		jvm.dll:OpenJDK 64-Bit server VM:17.0.8.0:Microsoft
		kernel.appcore.dll:AppModel API Host:10.0.19041.3758 (WinBuild.160101.0800):Microsoft Corporation
		lwjgl.dll
		lwjgl_opengl.dll
		lwjgl_stb.dll
		management.dll:OpenJDK Platform binary:17.0.8.0:Microsoft
		management_ext.dll:OpenJDK Platform binary:17.0.8.0:Microsoft
		msasn1.dll:ASN.1 Runtime APIs:10.0.19041.3636 (WinBuild.160101.0800):Microsoft Corporation
		mscms.dll:Microsoft Color Matching System DLL:10.0.19041.1 (WinBuild.160101.0800):Microsoft Corporation
		msvcp140.dll:Microsoft® C Runtime Library:14.29.30139.0 built by: vcwrkspc:Microsoft Corporation
		msvcp_win.dll:Microsoft® C Runtime Library:10.0.19041.3636 (WinBuild.160101.0800):Microsoft Corporation
		msvcrt.dll:Windows NT CRT DLL:7.0.19041.3636 (WinBuild.160101.0800):Microsoft Corporation
		mswsock.dll:Microsoft Windows Sockets 2.0 Service Provider:10.0.19041.1 (WinBuild.160101.0800):Microsoft Corporation
		napinsp.dll:E-mail Naming Shim Provider:10.0.19041.1 (WinBuild.160101.0800):Microsoft Corporation
		ncrypt.dll:Windows NCrypt Router:10.0.19041.1 (WinBuild.160101.0800):Microsoft Corporation
		net.dll:OpenJDK Platform binary:17.0.8.0:Microsoft
		nio.dll:OpenJDK Platform binary:17.0.8.0:Microsoft
		ntdll.dll:NT Layer DLL:10.0.19041.4842 (WinBuild.160101.0800):Microsoft Corporation
		ntmarta.dll:Windows NT MARTA provider:10.0.19041.1 (WinBuild.160101.0800):Microsoft Corporation
		nvgpucomp64.dll:NVIDIA GPU Compiler Driver, Version 560.94 :32.0.15.6094:NVIDIA Corporation
		nvoglv64.dll:NVIDIA Compatible OpenGL ICD:32.0.15.6094:NVIDIA Corporation
		ole32.dll:Microsoft OLE for Windows:10.0.19041.3636 (WinBuild.160101.0800):Microsoft Corporation
		opengl32.dll:OpenGL Client DLL:10.0.19041.5438 (WinBuild.160101.0800):Microsoft Corporation
		pdh.dll:Windows Performance Data Helper DLL:10.0.19041.1 (WinBuild.160101.0800):Microsoft Corporation
		perfos.dll:Windows System Performance Objects DLL:10.0.19041.1 (WinBuild.160101.0800):Microsoft Corporation
		perfproc.dll:Windows System Process Performance Objects DLL:10.0.19041.1 (WinBuild.160101.0800):Microsoft Corporation
		pnrpnsp.dll:PNRP Name Space Provider:10.0.19041.1 (WinBuild.160101.0800):Microsoft Corporation
		profapi.dll:User Profile Basic API:10.0.19041.5553 (WinBuild.160101.0800):Microsoft Corporation
		rasadhlp.dll:Remote Access AutoDial Helper:10.0.19041.3636 (WinBuild.160101.0800):Microsoft Corporation
		rsaenh.dll:Microsoft Enhanced Cryptographic Provider:10.0.19041.1 (WinBuild.160101.0800):Microsoft Corporation
		sechost.dll:Host for SCM/SDDL/LSA Lookup APIs:10.0.19041.1 (WinBuild.160101.0800):Microsoft Corporation
		shlwapi.dll:Shell Light-weight Utility Library:10.0.19041.1 (WinBuild.160101.0800):Microsoft Corporation
		sunmscapi.dll:OpenJDK Platform binary:17.0.8.0:Microsoft
		textinputframework.dll:"TextInputFramework.DYNLINK":10.0.19041.5438 (WinBuild.160101.0800):Microsoft Corporation
		ucrtbase.dll:Microsoft® C Runtime Library:10.0.19041.3636 (WinBuild.160101.0800):Microsoft Corporation
		uxtheme.dll:Microsoft UxTheme Library:10.0.19041.4529 (WinBuild.160101.0800):Microsoft Corporation
		vcruntime140_1.dll:Microsoft® C Runtime Library:14.29.30139.0 built by: vcwrkspc:Microsoft Corporation
		verify.dll:OpenJDK Platform binary:17.0.8.0:Microsoft
		win32u.dll:Win32u:10.0.19041.5737 (WinBuild.160101.0800):Microsoft Corporation
		windows.storage.dll:Microsoft WinRT Storage API:10.0.19041.1 (WinBuild.160101.0800):Microsoft Corporation
		winrnr.dll:LDAP RnR Provider DLL:10.0.19041.3636 (WinBuild.160101.0800):Microsoft Corporation
		wintypes.dll:Windows Base Types DLL:10.0.19041.3636 (WinBuild.160101.0800):Microsoft Corporation
		wshbth.dll:Windows Sockets Helper DLL:10.0.19041.3636 (WinBuild.160101.0800):Microsoft Corporation
		xinput1_4.dll:Microsoft Common Controller API:10.0.19041.1 (WinBuild.160101.0800):Microsoft Corporation
		zip.dll:OpenJDK Platform binary:17.0.8.0:Microsoft
Stacktrace:
	at net.minecraft.client.main.Main.main(Main.java:182) ~[minecraft-1.20.1-client.jar:?] {re:classloading,pl:runtimedistcleaner:A}
	at jdk.internal.reflect.NativeMethodAccessorImpl.invoke0(Native Method) ~[?:?] {}
	at jdk.internal.reflect.NativeMethodAccessorImpl.invoke(NativeMethodAccessorImpl.java:77) ~[?:?] {}
	at jdk.internal.reflect.DelegatingMethodAccessorImpl.invoke(DelegatingMethodAccessorImpl.java:43) ~[?:?] {}
	at java.lang.reflect.Method.invoke(Method.java:568) ~[?:?] {}
	at net.minecraftforge.fml.loading.targets.CommonLaunchHandler.runTarget(CommonLaunchHandler.java:126) ~[loader-47.2.2.jar:47.2] {}
	at net.minecraftforge.fml.loading.targets.CommonLaunchHandler.clientService(CommonLaunchHandler.java:114) ~[loader-47.2.2.jar:47.2] {}
	at net.minecraftforge.fml.loading.targets.CommonClientLaunchHandler.runService(CommonClientLaunchHandler.java:24) ~[loader-47.2.2.jar:47.2] {}
	at net.minecraftforge.fml.loading.targets.CommonLaunchHandler.lambda$launchService$4(CommonLaunchHandler.java:108) ~[loader-47.2.2.jar:47.2] {}
	at cpw.mods.modlauncher.LaunchServiceHandlerDecorator.launch(LaunchServiceHandlerDecorator.java:30) ~[modlauncher-10.0.9.jar:?] {}
	at cpw.mods.modlauncher.LaunchServiceHandler.launch(LaunchServiceHandler.java:53) ~[modlauncher-10.0.9.jar:?] {}
	at cpw.mods.modlauncher.LaunchServiceHandler.launch(LaunchServiceHandler.java:71) ~[modlauncher-10.0.9.jar:?] {}
	at cpw.mods.modlauncher.Launcher.run(Launcher.java:108) ~[modlauncher-10.0.9.jar:?] {}
	at cpw.mods.modlauncher.Launcher.main(Launcher.java:78) ~[modlauncher-10.0.9.jar:?] {}
	at cpw.mods.modlauncher.BootstrapLaunchConsumer.accept(BootstrapLaunchConsumer.java:26) ~[modlauncher-10.0.9.jar:?] {}
	at cpw.mods.modlauncher.BootstrapLaunchConsumer.accept(BootstrapLaunchConsumer.java:23) ~[modlauncher-10.0.9.jar:?] {}
	at cpw.mods.bootstraplauncher.BootstrapLauncher.main(BootstrapLauncher.java:141) ~[bootstraplauncher-1.1.2.jar:?] {}
	at jdk.internal.reflect.NativeMethodAccessorImpl.invoke0(Native Method) ~[?:?] {}
	at jdk.internal.reflect.NativeMethodAccessorImpl.invoke(NativeMethodAccessorImpl.java:77) ~[?:?] {}
	at jdk.internal.reflect.DelegatingMethodAccessorImpl.invoke(DelegatingMethodAccessorImpl.java:43) ~[?:?] {}
	at java.lang.reflect.Method.invoke(Method.java:568) ~[?:?] {}
	at io.github.zekerzhayard.forgewrapper.installer.Main.main(Main.java:67) ~[?:?] {}
	at org.prismlauncher.launcher.impl.StandardLauncher.launch(StandardLauncher.java:105) ~[?:?] {}
	at org.prismlauncher.EntryPoint.listen(EntryPoint.java:129) ~[?:?] {}
	at org.prismlauncher.EntryPoint.main(EntryPoint.java:70) ~[?:?] {}


-- System Details --
Details:
	Minecraft Version: 1.20.1
	Minecraft Version ID: 1.20.1
	Operating System: Windows 10 (amd64) version 10.0
	Java Version: 17.0.8, Microsoft
	Java VM Version: OpenJDK 64-Bit Server VM (mixed mode), Microsoft
	Memory: 3799166848 bytes (3623 MiB) / 4294967296 bytes (4096 MiB) up to 8589934592 bytes (8192 MiB)